Linear Model Accuracy: 88.989
	Y Hat Max: 0.0
	Y Hat Min: 0.0

SVC Model Accuracy: 94.036
	Y Hat Max: 1.0
	Y Hat Min: 0.0

